// Jest Snapshot v1, https://goo.gl/fbAQLP

exports[`ListCircle renders correctly 1`] = `
<div
  className="left inner list__circle"
  onClick={[Function]}
>
  <svg
    className="list__circle--image"
    fill="#808080"
    id="icons_export"
    viewBox="6 6 28 28"
    xmlns="http://www.w3.org/2000/svg"
  >
    <title>
      ic_checkbox_empty
    </title>
    <path
      d="M20,8A12,12,0,1,1,8,20,12,12,0,0,1,20,8m0-2A14,14,0,1,0,34,20,14,14,0,0,0,20,6Z"
    />
  </svg>
</div>
`;
